// Jest Snapshot v1, https://goo.gl/fbAQLP

exports[`should render Expense list if list is empty 1`] = `
<div>
  <p>
    Expense list is empty
  </p>
</div>
`;

exports[`should render Expense list with expenses 1`] = `
<div>
  <Connect(ExpenseListItem)
    amount={195}
    count={1}
    createdAt={0}
    description="Gum"
    id="1"
    key="1"
    note=""
  />
  <Connect(ExpenseListItem)
    amount={10900}
    count={2}
    createdAt={-345600000}
    description="Rent"
    id="2"
    key="2"
    note=""
  />
  <Connect(ExpenseListItem)
    amount={4500}
    count={3}
    createdAt={345600000}
    description="Credit"
    id="3"
    key="3"
    note=""
  />
</div>
`;
