// Jest Snapshot v1, https://goo.gl/fbAQLP

exports[`should render the Header component 1`] = `
<div>
  <header>
    <h1>
      Expensify
    </h1>
    <NavLink
      activeClassName="active-nav-link"
      ariaCurrent="true"
      to="/dashboard"
    >
      Dashboard
    </NavLink>
    <NavLink
      activeClassName="active-nav-link"
      ariaCurrent="true"
      to="/create"
    >
      Add Expences
    </NavLink>
    <button
      onClick={[Function]}
    >
      Logout
    </button>
  </header>
</div>
`;
