// Jest Snapshot v1, https://goo.gl/fbAQLP

exports[`should render the PageNotFound component 1`] = `
<div>
  404: Page not found.
  <Link
    replace={false}
    to="/"
  >
    Go Home
  </Link>
   
</div>
`;
